#-----------------------------------------------------------
# Vivado v2021.2 (64-bit)
# SW Build 3367213 on Tue Oct 19 02:47:39 MDT 2021
# IP Build 3369179 on Thu Oct 21 08:25:16 MDT 2021
# Start of session at: Tue May  9 14:02:39 2023
# Process ID: 61575
# Current directory: /home/rzlin/lo69qeve/cpu_vhdl
# Command line: vivado
# Log file: /home/rzlin/lo69qeve/cpu_vhdl/vivado.log
# Journal file: /home/rzlin/lo69qeve/cpu_vhdl/vivado.jou
# Running On: multipro-r1p2, OS: Linux, CPU Frequency: 3000.000 MHz, CPU Physical cores: 8, Host memory: 33234 MB
#-----------------------------------------------------------
start_gui
create_project ex2_register_file /home/rzlin/lo69qeve/cpu_vhdl/ex2_register_file/vivado -part xc7z020clg484-1
set_property board_part avnet.com:zedboard:part0:1.4 [current_project]
set_property target_language VHDL [current_project]
add_files -fileset constrs_1 -norecurse /home/rzlin/lo69qeve/cpu_vhdl/ex2_register_file/src/zedboard_master_XDC_RevC_D_v2.xdc
add_files -norecurse {/home/rzlin/lo69qeve/cpu_vhdl/ex2_register_file/src/regfile.vhd /home/rzlin/lo69qeve/cpu_vhdl/ex2_register_file/src/regfile_tb.vhd}
update_compile_order -fileset sources_1
set_property used_in_synthesis false [get_files  /home/rzlin/lo69qeve/cpu_vhdl/ex2_register_file/src/regfile_tb.vhd]
update_compile_order -fileset sources_1
